// Vitest Snapshot v1, https://vitest.dev/guide/snapshot.html

exports[`Footer.vue > mantém a estrutura visual esperada (snapshot) 1`] = `
"<footer data-v-4896eafd="" class="footer">
  <div data-v-4896eafd="" class="footer-content">
    <div data-v-4896eafd="" class="footer-section">
      <h3 data-v-4896eafd="">GearShop</h3>
      <p data-v-4896eafd="">Acelerando sonhos, conectando peças.</p>
    </div>
    <div data-v-4896eafd="" class="footer-section">
      <h4 data-v-4896eafd="">Links Rápidos</h4>
      <ul data-v-4896eafd="">
        <li data-v-4896eafd=""><a data-v-4896eafd="" aria-current="page" href="/" class="router-link-active router-link-exact-active">Home</a></li>
        <li data-v-4896eafd=""><a data-v-4896eafd="" href="/produtos" class="">Produtos</a></li>
        <li data-v-4896eafd=""><a data-v-4896eafd="" href="/contato" class="">Contato</a></li>
        <li data-v-4896eafd=""><a data-v-4896eafd="" href="/sobre" class="">Sobre Nós</a></li>
        <li data-v-4896eafd=""><a data-v-4896eafd="" href="/pagamento" class="">Pagamento</a></li>
      </ul>
    </div>
    <div data-v-4896eafd="" class="footer-section">
      <h4 data-v-4896eafd="">Contato</h4>
      <p data-v-4896eafd="">Email: gear.shopuni@gmail.com</p>
      <p data-v-4896eafd="">Telefone: (14) 99999-9999</p>
    </div>
  </div>
  <div data-v-4896eafd="" class="footer-bottom">
    <p data-v-4896eafd="">© 2025 GearShop. Todos os direitos reservados.</p>
  </div>
</footer>"
`;
